Archive member included to satisfy reference by file (symbol)

d:/program files (x86)/gcc-arm-8.2-2019.01-i686-mingw32-aarch64-elf/bin/../lib/gcc/aarch64-elf/8.2.1\libc.a(lib_a-locale.o)
                              C:\Users\nseltzer\AppData\Local\Temp\cc9u3D3y.o (__locale_ctype_ptr)
d:/program files (x86)/gcc-arm-8.2-2019.01-i686-mingw32-aarch64-elf/bin/../lib/gcc/aarch64-elf/8.2.1\libc.a(lib_a-malloc.o)
                              C:\Users\nseltzer\AppData\Local\Temp\ccRP8Wgl.o (malloc)
d:/program files (x86)/gcc-arm-8.2-2019.01-i686-mingw32-aarch64-elf/bin/../lib/gcc/aarch64-elf/8.2.1\libc.a(lib_a-mallocr.o)
                              d:/program files (x86)/gcc-arm-8.2-2019.01-i686-mingw32-aarch64-elf/bin/../lib/gcc/aarch64-elf/8.2.1\libc.a(lib_a-malloc.o) (_malloc_r)
d:/program files (x86)/gcc-arm-8.2-2019.01-i686-mingw32-aarch64-elf/bin/../lib/gcc/aarch64-elf/8.2.1\libc.a(lib_a-mbtowc_r.o)
                              d:/program files (x86)/gcc-arm-8.2-2019.01-i686-mingw32-aarch64-elf/bin/../lib/gcc/aarch64-elf/8.2.1\libc.a(lib_a-locale.o) (__ascii_mbtowc)
d:/program files (x86)/gcc-arm-8.2-2019.01-i686-mingw32-aarch64-elf/bin/../lib/gcc/aarch64-elf/8.2.1\libc.a(lib_a-memcpy.o)
                              C:\Users\nseltzer\AppData\Local\Temp\ccRP8Wgl.o (memcpy)
d:/program files (x86)/gcc-arm-8.2-2019.01-i686-mingw32-aarch64-elf/bin/../lib/gcc/aarch64-elf/8.2.1\libc.a(lib_a-mlock.o)
                              d:/program files (x86)/gcc-arm-8.2-2019.01-i686-mingw32-aarch64-elf/bin/../lib/gcc/aarch64-elf/8.2.1\libc.a(lib_a-mallocr.o) (__malloc_lock)
d:/program files (x86)/gcc-arm-8.2-2019.01-i686-mingw32-aarch64-elf/bin/../lib/gcc/aarch64-elf/8.2.1\libc.a(lib_a-reent.o)
                              C:\Users\nseltzer\AppData\Local\Temp\ccjjXXcu.o (errno)
d:/program files (x86)/gcc-arm-8.2-2019.01-i686-mingw32-aarch64-elf/bin/../lib/gcc/aarch64-elf/8.2.1\libc.a(lib_a-sbrkr.o)
                              d:/program files (x86)/gcc-arm-8.2-2019.01-i686-mingw32-aarch64-elf/bin/../lib/gcc/aarch64-elf/8.2.1\libc.a(lib_a-mallocr.o) (_sbrk_r)
d:/program files (x86)/gcc-arm-8.2-2019.01-i686-mingw32-aarch64-elf/bin/../lib/gcc/aarch64-elf/8.2.1\libc.a(lib_a-strcasecmp.o)
                              d:/program files (x86)/gcc-arm-8.2-2019.01-i686-mingw32-aarch64-elf/bin/../lib/gcc/aarch64-elf/8.2.1\libc.a(lib_a-locale.o) (strcasecmp)
d:/program files (x86)/gcc-arm-8.2-2019.01-i686-mingw32-aarch64-elf/bin/../lib/gcc/aarch64-elf/8.2.1\libc.a(lib_a-strcat.o)
                              d:/program files (x86)/gcc-arm-8.2-2019.01-i686-mingw32-aarch64-elf/bin/../lib/gcc/aarch64-elf/8.2.1\libc.a(lib_a-locale.o) (strcat)
d:/program files (x86)/gcc-arm-8.2-2019.01-i686-mingw32-aarch64-elf/bin/../lib/gcc/aarch64-elf/8.2.1\libc.a(lib_a-strchr.o)
                              C:\Users\nseltzer\AppData\Local\Temp\ccjPeTyC.o (strchr)
d:/program files (x86)/gcc-arm-8.2-2019.01-i686-mingw32-aarch64-elf/bin/../lib/gcc/aarch64-elf/8.2.1\libc.a(lib_a-strcmp.o)
                              C:\Users\nseltzer\AppData\Local\Temp\ccRP8Wgl.o (strcmp)
d:/program files (x86)/gcc-arm-8.2-2019.01-i686-mingw32-aarch64-elf/bin/../lib/gcc/aarch64-elf/8.2.1\libc.a(lib_a-strcpy.o)
                              C:\Users\nseltzer\AppData\Local\Temp\ccRP8Wgl.o (strcpy)
d:/program files (x86)/gcc-arm-8.2-2019.01-i686-mingw32-aarch64-elf/bin/../lib/gcc/aarch64-elf/8.2.1\libc.a(lib_a-strlcpy.o)
                              d:/program files (x86)/gcc-arm-8.2-2019.01-i686-mingw32-aarch64-elf/bin/../lib/gcc/aarch64-elf/8.2.1\libc.a(lib_a-locale.o) (strlcpy)
d:/program files (x86)/gcc-arm-8.2-2019.01-i686-mingw32-aarch64-elf/bin/../lib/gcc/aarch64-elf/8.2.1\libc.a(lib_a-strlen.o)
                              C:\Users\nseltzer\AppData\Local\Temp\ccjjXXcu.o (strlen)
d:/program files (x86)/gcc-arm-8.2-2019.01-i686-mingw32-aarch64-elf/bin/../lib/gcc/aarch64-elf/8.2.1\libc.a(lib_a-strncasecmp.o)
                              d:/program files (x86)/gcc-arm-8.2-2019.01-i686-mingw32-aarch64-elf/bin/../lib/gcc/aarch64-elf/8.2.1\libc.a(lib_a-locale.o) (strncasecmp)
d:/program files (x86)/gcc-arm-8.2-2019.01-i686-mingw32-aarch64-elf/bin/../lib/gcc/aarch64-elf/8.2.1\libc.a(lib_a-strncmp.o)
                              d:/program files (x86)/gcc-arm-8.2-2019.01-i686-mingw32-aarch64-elf/bin/../lib/gcc/aarch64-elf/8.2.1\libc.a(lib_a-locale.o) (strncmp)
d:/program files (x86)/gcc-arm-8.2-2019.01-i686-mingw32-aarch64-elf/bin/../lib/gcc/aarch64-elf/8.2.1\libc.a(lib_a-strncpy.o)
                              d:/program files (x86)/gcc-arm-8.2-2019.01-i686-mingw32-aarch64-elf/bin/../lib/gcc/aarch64-elf/8.2.1\libc.a(lib_a-locale.o) (strncpy)
d:/program files (x86)/gcc-arm-8.2-2019.01-i686-mingw32-aarch64-elf/bin/../lib/gcc/aarch64-elf/8.2.1\libc.a(lib_a-strnlen.o)
                              C:\Users\nseltzer\AppData\Local\Temp\cc9u3D3y.o (strnlen)
[...]
Memory Configuration

Name             Origin             Length             Attributes
RAM              0x0000000000080000 0x0000000008000000 xrw
*default*        0x0000000000000000 0xffffffffffffffff

Linker script and memory map


.text           0x0000000000080000     0xb098
                0x0000000000080000                . = ALIGN (0x4)
                0x0000000000080000                __text_start__ = .
                0x0000000000080000                _start = .
 *(.text.startup)
 .text.startup  0x0000000000080000      0x308 C:\Users\nseltzer\AppData\Local\Temp\ccGBXQlx.o
                0x000000000008029c                RPi_CpuIdString
                0x00000000000802b0                EnableInterrupts
                0x00000000000802b8                DisableInterrupts
                0x00000000000802c0                CoreExecute
 *(.text .text.* .gnu.linkonce.t.*)
 *fill*         0x0000000000080308        0x8 
 .text          0x0000000000080310      0x804 C:\Users\nseltzer\AppData\Local\Temp\ccRP8Wgl.o
                0x0000000000080310                handleInterrupt
                0x0000000000080380                letsTryForScience
                0x0000000000080390                GetCurrentDirectory
                0x00000000000803c0                executeSimpleApp
                0x00000000000804a0                GetBinary
                0x0000000000080640                ProcessCommand
                0x0000000000080740                DisplayDirectory
                0x0000000000080870                kernel_main
                0x0000000000080b10                loader
 .text.ARMaddrToGPUaddr
                0x0000000000080b14        0xc C:\Users\nseltzer\AppData\Local\Temp\ccGBXQlx.o
                0x0000000000080b14                ARMaddrToGPUaddr
 *fill*         0x0000000000080b20      0x4e0 
 .text.GPUaddrToARMaddr
                0x0000000000081000      0xf84 C:\Users\nseltzer\AppData\Local\Temp\ccGBXQlx.o
                0x0000000000081000                GPUaddrToARMaddr
                0x000000000008100c                c_irq_handler
                0x0000000000081010                c_irq_identify_and_clear_source
                0x0000000000081014                irq_handler
                0x00000000000810c0                svc_handler
                0x00000000000810c4                tryToPassAChar
                0x0000000000081800                VectorTable
 *fill*         0x0000000000081f84        0xc 
 .text          0x0000000000081f90     0x24b0 C:\Users\nseltzer\AppData\Local\Temp\ccjjXXcu.o
                0x0000000000082fd0                gpio_setup
                0x0000000000083040                gpio_output
                0x00000000000830b0                gpio_input
                0x00000000000830f0                gpio_checkEvent
                0x0000000000083130                gpio_clearEvent
                0x0000000000083170                gpio_edgeDetect
                0x0000000000083210                gpio_fixResistor
                0x00000000000832f0                timer_getTickCount
                0x0000000000083320                timer_wait
                0x0000000000083380                tick_difference
                0x0000000000083390                mailbox_write
                0x00000000000833d0                mailbox_read
                0x0000000000083420                mailbox_tag_message
                0x00000000000835c0                set_Activity_LED
                0x0000000000083740                ARM_setmaxspeed
                0x00000000000837d0                displaySmartStart
                0x0000000000083840                Embedded_Console_WriteChar
                0x00000000000838f0                WriteText
                0x00000000000839e0                SetDCPenColor
                0x0000000000083a00                SetDCBrushColor
                0x0000000000083a20                MoveToEx
                0x0000000000083a50                LineTo
                0x0000000000083b20                TextOut
                0x0000000000083ba0                BmpOut
                0x0000000000083bf0                CvtBmpLine
                0x0000000000083f90                SmartStartPutPixelRaw
                0x0000000000083fa0                Rectangle
                0x0000000000083fd0                PiConsole_Init
                0x0000000000084260                GetConsoleDC
                0x0000000000084270                GetConsole_FrameBuffer
                0x0000000000084280                GetConsole_Width
                0x0000000000084290                GetConsole_Height
                0x00000000000842a0                _sbrk
                0x00000000000842d0                _kill
                0x00000000000842f0                _getpid
                0x0000000000084300                _read
                0x0000000000084310                _close
                0x0000000000084320                _lseek
                0x0000000000084330                _isatty
                0x0000000000084340                _fstat
                0x0000000000084350                _exit
                0x0000000000084360                _write
 .text          0x0000000000084440      0xd24 C:\Users\nseltzer\AppData\Local\Temp\cc9u3D3y.o
                0x00000000000846f0                vsprintf
                0x0000000000085020                sprintf
                0x00000000000850a0                printf
 *fill*         0x0000000000085164        0xc 
 .text          0x0000000000085170     0x39ec C:\Users\nseltzer\AppData\Local\Temp\ccjPeTyC.o
                0x00000000000864d0                sdTransferBlocks
                0x0000000000086840                sdClearBlocks
                0x00000000000869c0                getSetNextCluster
                0x0000000000086c10                WildcardMatch
                0x0000000000087540                sdFindFirstFile
                0x0000000000087930                sdFindNextFile
                0x00000000000879f0                sdFindClose
                0x0000000000087a40                sdCreateFile
                0x0000000000087e70                sdReadFile
                0x00000000000881b0                sdCloseHandle
                0x0000000000088200                sdSetFilePointer
                0x0000000000088610                sdGetFileSize
                0x0000000000088650                sdInitCard
                0x0000000000088b40                sdCardCSD
 *fill*         0x0000000000088b5c        0x4 
 .text          0x0000000000088b60      0x368 C:\Users\nseltzer\AppData\Local\Temp\ccKHDmhT.o
                0x0000000000088b60                fonts_is_implemented
                0x0000000000088b80                fonts_char_to_font
                0x0000000000088ba0                fonts_init
 *fill*         0x0000000000088ec8        0x8 
 .text          0x0000000000088ed0      0xa58 C:\Users\nseltzer\AppData\Local\Temp\cczEeamq.o
                0x0000000000088ed0                hal_io_init
                0x0000000000088ee0                hal_io_video_init
                0x0000000000088ef0                hal_io_video_line
                0x0000000000088ff0                hal_io_video_putc
                0x00000000000892a0                hal_io_video_putc_x_y
                0x00000000000894e0                hal_io_video_puts
                0x00000000000897b0                hal_io_video_put_pixel
                0x00000000000897e0                hal_io_serial_init
                0x0000000000089880                hal_io_serial_puts
                0x00000000000898c0                hal_io_serial_putc
                0x00000000000898f0                hal_io_serial_getc
 .text.__locale_ctype_ptr
                0x0000000000089928       0x24 d:/program files (x86)/gcc-arm-8.2-2019.01-i686-mingw32-aarch64-elf/bin/../lib/gcc/aarch64-elf/8.2.1\libc.a(lib_a-locale.o)
                0x0000000000089928                __locale_ctype_ptr
 *fill*         0x000000000008994c        0x4 
 .text.malloc   0x0000000000089950       0x10 d:/program files (x86)/gcc-arm-8.2-2019.01-i686-mingw32-aarch64-elf/bin/../lib/gcc/aarch64-elf/8.2.1\libc.a(lib_a-malloc.o)
                0x0000000000089950                malloc
 .text._malloc_r
                0x0000000000089960      0x7f0 d:/program files (x86)/gcc-arm-8.2-2019.01-i686-mingw32-aarch64-elf/bin/../lib/gcc/aarch64-elf/8.2.1\libc.a(lib_a-mallocr.o)
                0x0000000000089960                _malloc_r
 .text.__ascii_mbtowc
                0x000000000008a150       0x48 d:/program files (x86)/gcc-arm-8.2-2019.01-i686-mingw32-aarch64-elf/bin/../lib/gcc/aarch64-elf/8.2.1\libc.a(lib_a-mbtowc_r.o)
                0x000000000008a150                __ascii_mbtowc
 *fill*         0x000000000008a198       0x28 
 .text          0x000000000008a1c0      0x16c d:/program files (x86)/gcc-arm-8.2-2019.01-i686-mingw32-aarch64-elf/bin/../lib/gcc/aarch64-elf/8.2.1\libc.a(lib_a-memcpy.o)
                0x000000000008a1c0                memcpy
 *fill*         0x000000000008a32c        0x4 
 .text.__malloc_lock
                0x000000000008a330        0x4 d:/program files (x86)/gcc-arm-8.2-2019.01-i686-mingw32-aarch64-elf/bin/../lib/gcc/aarch64-elf/8.2.1\libc.a(lib_a-mlock.o)
                0x000000000008a330                __malloc_lock
 *fill*         0x000000000008a334        0x4 
 .text.__malloc_unlock
                0x000000000008a338        0x4 d:/program files (x86)/gcc-arm-8.2-2019.01-i686-mingw32-aarch64-elf/bin/../lib/gcc/aarch64-elf/8.2.1\libc.a(lib_a-mlock.o)
                0x000000000008a338                __malloc_unlock
 *fill*         0x000000000008a33c        0x4 
 .text._sbrk_r  0x000000000008a340       0x4c d:/program files (x86)/gcc-arm-8.2-2019.01-i686-mingw32-aarch64-elf/bin/../lib/gcc/aarch64-elf/8.2.1\libc.a(lib_a-sbrkr.o)
                0x000000000008a340                _sbrk_r
 .text          0x000000000008a38c       0xdc d:/program files (x86)/gcc-arm-8.2-2019.01-i686-mingw32-aarch64-elf/bin/../lib/gcc/aarch64-elf/8.2.1\libc.a(lib_a-strchr.o)
                0x000000000008a38c                strchr
 *fill*         0x000000000008a468       0x18 
 .text          0x000000000008a480       0xa4 d:/program files (x86)/gcc-arm-8.2-2019.01-i686-mingw32-aarch64-elf/bin/../lib/gcc/aarch64-elf/8.2.1\libc.a(lib_a-strcmp.o)
                0x000000000008a480                strcmp
 *fill*         0x000000000008a524       0x1c 
 .text          0x000000000008a540      0x1b8 d:/program files (x86)/gcc-arm-8.2-2019.01-i686-mingw32-aarch64-elf/bin/../lib/gcc/aarch64-elf/8.2.1\libc.a(lib_a-strcpy.o)
                0x000000000008a540                strcpy
 *fill*         0x000000000008a6f8        0x8 
 .text          0x000000000008a700      0x140 d:/program files (x86)/gcc-arm-8.2-2019.01-i686-mingw32-aarch64-elf/bin/../lib/gcc/aarch64-elf/8.2.1\libc.a(lib_a-strlen.o)
                0x000000000008a700                strlen
 .text          0x000000000008a840       0xe0 d:/program files (x86)/gcc-arm-8.2-2019.01-i686-mingw32-aarch64-elf/bin/../lib/gcc/aarch64-elf/8.2.1\libc.a(lib_a-strnlen.o)
                0x000000000008a864                strnlen
 .text.strtok   0x000000000008a920       0x14 d:/program files (x86)/gcc-arm-8.2-2019.01-i686-mingw32-aarch64-elf/bin/../lib/gcc/aarch64-elf/8.2.1\libc.a(lib_a-strtok.o)
                0x000000000008a920                strtok
 *fill*         0x000000000008a934        0x4 
 .text.__strtok_r
                0x000000000008a938       0x9c d:/program files (x86)/gcc-arm-8.2-2019.01-i686-mingw32-aarch64-elf/bin/../lib/gcc/aarch64-elf/8.2.1\libc.a(lib_a-strtok_r.o)
                0x000000000008a938                __strtok_r
 *fill*         0x000000000008a9d4        0x4 
 .text.wctob    0x000000000008a9d8       0x84 d:/program files (x86)/gcc-arm-8.2-2019.01-i686-mingw32-aarch64-elf/bin/../lib/gcc/aarch64-elf/8.2.1\libc.a(lib_a-wctob.o)
                0x000000000008a9d8                wctob
 *fill*         0x000000000008aa5c        0x4 
 .text.__ascii_wctomb
                0x000000000008aa60       0x34 d:/program files (x86)/gcc-arm-8.2-2019.01-i686-mingw32-aarch64-elf/bin/../lib/gcc/aarch64-elf/8.2.1\libc.a(lib_a-wctomb_r.o)
                0x000000000008aa60                __ascii_wctomb
 *fill*         0x000000000008aa94        0x4 
 .text._malloc_trim_r
                0x000000000008aa98      0x10c d:/program files (x86)/gcc-arm-8.2-2019.01-i686-mingw32-aarch64-elf/bin/../lib/gcc/aarch64-elf/8.2.1\libc.a(lib_a-freer.o)
                0x000000000008aa98                _malloc_trim_r
 *fill*         0x000000000008aba4        0x4 
 .text._free_r  0x000000000008aba8      0x2f0 d:/program files (x86)/gcc-arm-8.2-2019.01-i686-mingw32-aarch64-elf/bin/../lib/gcc/aarch64-elf/8.2.1\libc.a(lib_a-freer.o)
                0x000000000008aba8                _free_r
 *fill*         0x000000000008ae98       0x28 
 .text          0x000000000008aec0      0x1d8 d:/program files (x86)/gcc-arm-8.2-2019.01-i686-mingw32-aarch64-elf/bin/../lib/gcc/aarch64-elf/8.2.1\libc.a(lib_a-memset.o)
                0x000000000008aec0                memset
 *(.rel.text .rel.text.* .rel.gnu.linkonce.t.*)
 *(.init .init.*)
                0x000000000008b098                . = ALIGN (0x4)
                0x000000000008b098                __text_end__ = .

.iplt           0x000000000008b098        0x0
 .iplt          0x000000000008b098        0x0 C:\Users\nseltzer\AppData\Local\Temp\ccRP8Wgl.o

.bss            0x000000000008b098     0x3538
                0x000000000008b098                . = ALIGN (0x4)
                0x000000000008b098                __bss_start__ = .
 *(.bss .bss.* .gnu.linkonce.b.*)
 .bss           0x000000000008b098       0x70 C:\Users\nseltzer\AppData\Local\Temp\ccjjXXcu.o
                0x000000000008b09c                console
 .bss           0x000000000008b108     0x25a0 C:\Users\nseltzer\AppData\Local\Temp\ccjPeTyC.o
                0x000000000008b108                LOG_ERROR
 .bss           0x000000000008d6a8      0xaf4 C:\Users\nseltzer\AppData\Local\Temp\ccKHDmhT.o
 *fill*         0x000000000008e19c        0x4 
 .bss.__malloc_current_mallinfo
                0x000000000008e1a0       0x28 d:/program files (x86)/gcc-arm-8.2-2019.01-i686-mingw32-aarch64-elf/bin/../lib/gcc/aarch64-elf/8.2.1\libc.a(lib_a-mallocr.o)
                0x000000000008e1a0                __malloc_current_mallinfo
 .bss.__malloc_max_sbrked_mem
                0x000000000008e1c8        0x8 d:/program files (x86)/gcc-arm-8.2-2019.01-i686-mingw32-aarch64-elf/bin/../lib/gcc/aarch64-elf/8.2.1\libc.a(lib_a-mallocr.o)
                0x000000000008e1c8                __malloc_max_sbrked_mem
 .bss.__malloc_max_total_mem
                0x000000000008e1d0        0x8 d:/program files (x86)/gcc-arm-8.2-2019.01-i686-mingw32-aarch64-elf/bin/../lib/gcc/aarch64-elf/8.2.1\libc.a(lib_a-mallocr.o)
                0x000000000008e1d0                __malloc_max_total_mem
 .bss.__malloc_top_pad
                0x000000000008e1d8        0x8 d:/program files (x86)/gcc-arm-8.2-2019.01-i686-mingw32-aarch64-elf/bin/../lib/gcc/aarch64-elf/8.2.1\libc.a(lib_a-mallocr.o)
                0x000000000008e1d8                __malloc_top_pad
 *(.rela.bss .rela.bss.* .rela.gnu.linkonce.b.*)
 *(COMMON)
 COMMON         0x000000000008e1e0      0x3ec C:\Users\nseltzer\AppData\Local\Temp\ccRP8Wgl.o
                0x000000000008e1e0                working_directory
                0x000000000008e3d8                command_buffer
 COMMON         0x000000000008e5cc        0x4 d:/program files (x86)/gcc-arm-8.2-2019.01-i686-mingw32-aarch64-elf/bin/../lib/gcc/aarch64-elf/8.2.1\libc.a(lib_a-reent.o)
                0x000000000008e5cc                errno
                0x000000000008e5d0                . = ALIGN (0x4)
                0x000000000008e5d0                __bss_end__ = .

.rodata         0x000000000008e5d0     0x1884
                0x000000000008e5d0                . = ALIGN (0x4)
                0x000000000008e5d0                __rodata_start__ = .
 *(.rodata .rodata.*)
 .rodata        0x000000000008e5d0       0x60 C:\Users\nseltzer\AppData\Local\Temp\ccRP8Wgl.o
 .rodata.str1.8
                0x000000000008e630      0x1e4 C:\Users\nseltzer\AppData\Local\Temp\ccRP8Wgl.o
                                        0x1ec (size before relaxing)
 .rodata.cpuid  0x000000000008e814        0xc C:\Users\nseltzer\AppData\Local\Temp\ccGBXQlx.o
 .rodata        0x000000000008e820     0x1004 C:\Users\nseltzer\AppData\Local\Temp\ccjjXXcu.o
                0x000000000008f820                BitFontEnd
 *fill*         0x000000000008f824        0x4 
 .rodata.str1.8
                0x000000000008f828       0xec C:\Users\nseltzer\AppData\Local\Temp\ccjjXXcu.o
 *fill*         0x000000000008f914        0x4 
 .rodata        0x000000000008f918       0x10 C:\Users\nseltzer\AppData\Local\Temp\cc9u3D3y.o
 .rodata        0x000000000008f928       0x28 C:\Users\nseltzer\AppData\Local\Temp\ccjPeTyC.o
 .rodata.str1.8
                0x000000000008f950      0x39a C:\Users\nseltzer\AppData\Local\Temp\ccjPeTyC.o
 *fill*         0x000000000008fcea        0x6 
 .rodata.str1.8
                0x000000000008fcf0       0x60 d:/program files (x86)/gcc-arm-8.2-2019.01-i686-mingw32-aarch64-elf/bin/../lib/gcc/aarch64-elf/8.2.1\libc.a(lib_a-locale.o)
                                         0x64 (size before relaxing)
 .rodata._ctype_
                0x000000000008fd50      0x101 d:/program files (x86)/gcc-arm-8.2-2019.01-i686-mingw32-aarch64-elf/bin/../lib/gcc/aarch64-elf/8.2.1\libc.a(lib_a-ctype_.o)
                0x000000000008fd50                _ctype_
 *(.rel.rodata .rel.rodata.* .rel.gnu.linkonce.r.*)
                0x000000000008fe54                . = ALIGN (0x4)
 *fill*         0x000000000008fe51        0x3 
                0x000000000008fe54                __rodata_end__ = .

.rela.dyn       0x000000000008fe58        0x0
 .rela.iplt     0x000000000008fe58        0x0 C:\Users\nseltzer\AppData\Local\Temp\ccRP8Wgl.o
 .rela.text     0x000000000008fe58        0x0 C:\Users\nseltzer\AppData\Local\Temp\ccRP8Wgl.o
 .rela.text.startup
                0x000000000008fe58        0x0 C:\Users\nseltzer\AppData\Local\Temp\ccRP8Wgl.o
 .rela.text._sbrk_r
                0x000000000008fe58        0x0 C:\Users\nseltzer\AppData\Local\Temp\ccRP8Wgl.o

.data           0x000000000008fe58     0x14e8
                0x000000000008fe58                . = ALIGN (0x4)
                0x000000000008fe58                __data_start__ = .
 *(.data .data.* .gnu.linkonce.d.*)
 .data.smartstart64
                0x000000000008fe58       0x18 C:\Users\nseltzer\AppData\Local\Temp\ccGBXQlx.o
                0x000000000008fe58                RPi_IO_Base_Addr
                0x000000000008fe5c                RPi_BootAddr
                0x000000000008fe60                RPi_CoresReady
                0x000000000008fe64                RPi_CPUBootMode
                0x000000000008fe68                RPi_CpuId
                0x000000000008fe6c                RPi_CompileMode
 .data          0x000000000008fe70        0x4 C:\Users\nseltzer\AppData\Local\Temp\ccjjXXcu.o
 *fill*         0x000000000008fe74        0x4 
 .data          0x000000000008fe78      0x3a8 C:\Users\nseltzer\AppData\Local\Temp\ccjPeTyC.o
 .data          0x0000000000090220        0x8 C:\Users\nseltzer\AppData\Local\Temp\cczEeamq.o
                0x0000000000090220                curr_y
                0x0000000000090224                curr_x
 .data.__global_locale
                0x0000000000090228      0x1a8 d:/program files (x86)/gcc-arm-8.2-2019.01-i686-mingw32-aarch64-elf/bin/../lib/gcc/aarch64-elf/8.2.1\libc.a(lib_a-locale.o)
                0x0000000000090228                __global_locale
 .data.__malloc_av_
                0x00000000000903d0      0x810 d:/program files (x86)/gcc-arm-8.2-2019.01-i686-mingw32-aarch64-elf/bin/../lib/gcc/aarch64-elf/8.2.1\libc.a(lib_a-mallocr.o)
                0x00000000000903d0                __malloc_av_
 .data.__malloc_sbrk_base
                0x0000000000090be0        0x8 d:/program files (x86)/gcc-arm-8.2-2019.01-i686-mingw32-aarch64-elf/bin/../lib/gcc/aarch64-elf/8.2.1\libc.a(lib_a-mallocr.o)
                0x0000000000090be0                __malloc_sbrk_base
 .data.__malloc_trim_threshold
                0x0000000000090be8        0x8 d:/program files (x86)/gcc-arm-8.2-2019.01-i686-mingw32-aarch64-elf/bin/../lib/gcc/aarch64-elf/8.2.1\libc.a(lib_a-mallocr.o)
                0x0000000000090be8                __malloc_trim_threshold
 .data._impure_ptr
                0x0000000000090bf0        0x8 d:/program files (x86)/gcc-arm-8.2-2019.01-i686-mingw32-aarch64-elf/bin/../lib/gcc/aarch64-elf/8.2.1\libc.a(lib_a-impure.o)
                0x0000000000090bf0                _impure_ptr
 .data.impure_data
                0x0000000000090bf8      0x748 d:/program files (x86)/gcc-arm-8.2-2019.01-i686-mingw32-aarch64-elf/bin/../lib/gcc/aarch64-elf/8.2.1\libc.a(lib_a-impure.o)
 *(.rel.data .rel.data.* .rel.gnu.linkonce.d.*)
                0x0000000000091340                . = ALIGN (0x4)
                0x0000000000091340                __data_end__ = .

.igot.plt       0x0000000000091340        0x0
 .igot.plt      0x0000000000091340        0x0 C:\Users\nseltzer\AppData\Local\Temp\ccRP8Wgl.o

.data1          0x0000000000091340        0x0
                0x0000000000091340                . = ALIGN (0x10)
                0x0000000000091340                __data1_start__ = .
 *(.data1 .data1.*)
 *(.rel.data1 .rel.data1.*)
                0x0000000000091340                . = ALIGN (0x10)
                0x0000000000091340                __data1_end__ = .

.stack          0x0000000000091340     0xc200
                0x0000000000091340                . = ALIGN (0x10)
                0x0000000000091340                __stack_start__ = .
                0x0000000000091540                . = (. + 0x200)
 *fill*         0x0000000000091340      0x200 
                0x0000000000091540                __EL0_stack_core0 = .
                0x0000000000099540                . = (. + 0x8000)
 *fill*         0x0000000000091540     0x8000 
                0x0000000000099540                __EL1_stack_core0 = .
                0x000000000009d540                . = (. + 0x4000)
 *fill*         0x0000000000099540     0x4000 
                0x000000000009d540                __EL2_stack_core0 = .
                0x000000000009d540                . = ALIGN (0x10)
                0x000000000009d540                __stack_end__ = .

.stack_core1    0x000000000009d540     0x1400
                0x000000000009d540                . = ALIGN (0x10)
                0x000000000009d540                __stack_start_core1__ = .
                0x000000000009d740                . = (. + 0x200)
 *fill*         0x000000000009d540      0x200 
                0x000000000009d740                __EL0_stack_core1 = .
                0x000000000009d940                . = (. + 0x200)
 *fill*         0x000000000009d740      0x200 
                0x000000000009d940                __EL1_stack_core1 = .
                0x000000000009e940                . = (. + 0x1000)
 *fill*         0x000000000009d940     0x1000 
                0x000000000009e940                __EL2_stack_core1 = .
                0x000000000009e940                . = ALIGN (0x10)
                0x000000000009e940                __stack_end_core1__ = .

.stack_core2    0x000000000009e940     0x1400
                0x000000000009e940                . = ALIGN (0x10)
                0x000000000009e940                __stack_start_core2__ = .
                0x000000000009eb40                . = (. + 0x200)
 *fill*         0x000000000009e940      0x200 
                0x000000000009eb40                __EL0_stack_core2 = .
                0x000000000009ed40                . = (. + 0x200)
 *fill*         0x000000000009eb40      0x200 
                0x000000000009ed40                __EL1_stack_core2 = .
                0x000000000009fd40                . = (. + 0x1000)
 *fill*         0x000000000009ed40     0x1000 
                0x000000000009fd40                __EL2_stack_core2 = .
                0x000000000009fd40                . = ALIGN (0x10)
                0x000000000009fd40                __stack_end_core2__ = .

.stack_core3    0x000000000009fd40     0x1400
                0x000000000009fd40                . = ALIGN (0x10)
                0x000000000009fd40                __stack_start_core3__ = .
                0x000000000009ff40                . = (. + 0x200)
 *fill*         0x000000000009fd40      0x200 
                0x000000000009ff40                __EL0_stack_core3 = .
                0x00000000000a0140                . = (. + 0x200)
 *fill*         0x000000000009ff40      0x200 
                0x00000000000a0140                __EL1_stack_core3 = .
                0x00000000000a1140                . = (. + 0x1000)
 *fill*         0x00000000000a0140     0x1000 
                0x00000000000a1140                __EL2_stack_core3 = .
                0x00000000000a1140                . = ALIGN (0x10)
                0x00000000000a1140                __stack_end_core3__ = .

.ARM.attributes
 *(.ARM.attributes)

.Heap           0x00000000000a1140        0x0
                0x00000000000a1140                . = ALIGN (0x4)
                0x00000000000a1140                __heap_start__ = .
                0x00000000000a1140                __end__ = .
                [!provide]                        PROVIDE (__end__ = .)
                0x00000000000a1140                _end = .
                [!provide]                        PROVIDE (end = .)

/DISCARD/
 *(.ARM.exidx .ARM.exidx.*)
 *(.rel.ARM.exidx .rel.ARM.exidx.* .gnu.linkonce.armexidx.*)
 *(.debug_frame .debug_frame.*)
 *(.comment *.comment.*)
 *(.symtab .symtab.*)
 *(.strtab .strtab.*)
 *(.shstrtab .shstrtab.*)
 *(.note.GNU-stack)
 *(.gnu_debuglink)
 *(.gnu.lto_*)
LOAD C:\Users\nseltzer\AppData\Local\Temp\ccRP8Wgl.o
LOAD C:\Users\nseltzer\AppData\Local\Temp\ccGBXQlx.o
LOAD C:\Users\nseltzer\AppData\Local\Temp\ccjjXXcu.o
LOAD C:\Users\nseltzer\AppData\Local\Temp\cc9u3D3y.o
LOAD C:\Users\nseltzer\AppData\Local\Temp\ccjPeTyC.o
LOAD C:\Users\nseltzer\AppData\Local\Temp\ccKHDmhT.o
LOAD C:\Users\nseltzer\AppData\Local\Temp\cczEeamq.o
LOAD d:/program files (x86)/gcc-arm-8.2-2019.01-i686-mingw32-aarch64-elf/bin/../lib/gcc/aarch64-elf/8.2.1\libc.a
LOAD d:/program files (x86)/gcc-arm-8.2-2019.01-i686-mingw32-aarch64-elf/bin/../lib/gcc/aarch64-elf/8.2.1\libm.a
LOAD d:/program files (x86)/gcc-arm-8.2-2019.01-i686-mingw32-aarch64-elf/bin/../lib/gcc/aarch64-elf/8.2.1\libgcc.a
OUTPUT(output/kernel_rp3.elf elf64-littleaarch64)

.debug_info     0x0000000000000000     0xcba5
 .debug_info    0x0000000000000000     0x2011 d:/program files (x86)/gcc-arm-8.2-2019.01-i686-mingw32-aarch64-elf/bin/../lib/gcc/aarch64-elf/8.2.1\libc.a(lib_a-locale.o)
 .debug_info    0x0000000000002011      0x9d6 d:/program files (x86)/gcc-arm-8.2-2019.01-i686-mingw32-aarch64-elf/bin/../lib/gcc/aarch64-elf/8.2.1\libc.a(lib_a-malloc.o)
 .debug_info    0x00000000000029e7      0xf8b d:/program files (x86)/gcc-arm-8.2-2019.01-i686-mingw32-aarch64-elf/bin/../lib/gcc/aarch64-elf/8.2.1\libc.a(lib_a-mallocr.o)
 .debug_info    0x0000000000003972     0x1563 d:/program files (x86)/gcc-arm-8.2-2019.01-i686-mingw32-aarch64-elf/bin/../lib/gcc/aarch64-elf/8.2.1\libc.a(lib_a-mbtowc_r.o)
 .debug_info    0x0000000000004ed5       0x2e d:/program files (x86)/gcc-arm-8.2-2019.01-i686-mingw32-aarch64-elf/bin/../lib/gcc/aarch64-elf/8.2.1\libc.a(lib_a-memcpy.o)
 .debug_info    0x0000000000004f03      0x971 d:/program files (x86)/gcc-arm-8.2-2019.01-i686-mingw32-aarch64-elf/bin/../lib/gcc/aarch64-elf/8.2.1\libc.a(lib_a-mlock.o)
 .debug_info    0x0000000000005874      0xb1d d:/program files (x86)/gcc-arm-8.2-2019.01-i686-mingw32-aarch64-elf/bin/../lib/gcc/aarch64-elf/8.2.1\libc.a(lib_a-reent.o)
 .debug_info    0x0000000000006391      0xa0e d:/program files (x86)/gcc-arm-8.2-2019.01-i686-mingw32-aarch64-elf/bin/../lib/gcc/aarch64-elf/8.2.1\libc.a(lib_a-sbrkr.o)
 .debug_info    0x0000000000006d9f       0x2e d:/program files (x86)/gcc-arm-8.2-2019.01-i686-mingw32-aarch64-elf/bin/../lib/gcc/aarch64-elf/8.2.1\libc.a(lib_a-strchr.o)
 .debug_info    0x0000000000006dcd       0x2e d:/program files (x86)/gcc-arm-8.2-2019.01-i686-mingw32-aarch64-elf/bin/../lib/gcc/aarch64-elf/8.2.1\libc.a(lib_a-strcmp.o)
 .debug_info    0x0000000000006dfb       0x2e d:/program files (x86)/gcc-arm-8.2-2019.01-i686-mingw32-aarch64-elf/bin/../lib/gcc/aarch64-elf/8.2.1\libc.a(lib_a-strcpy.o)
 .debug_info    0x0000000000006e29       0x2e d:/program files (x86)/gcc-arm-8.2-2019.01-i686-mingw32-aarch64-elf/bin/../lib/gcc/aarch64-elf/8.2.1\libc.a(lib_a-strlen.o)
 .debug_info    0x0000000000006e57       0x2e d:/program files (x86)/gcc-arm-8.2-2019.01-i686-mingw32-aarch64-elf/bin/../lib/gcc/aarch64-elf/8.2.1\libc.a(lib_a-strnlen.o)
 .debug_info    0x0000000000006e85      0x9aa d:/program files (x86)/gcc-arm-8.2-2019.01-i686-mingw32-aarch64-elf/bin/../lib/gcc/aarch64-elf/8.2.1\libc.a(lib_a-strtok.o)
 .debug_info    0x000000000000782f      0xa4c d:/program files (x86)/gcc-arm-8.2-2019.01-i686-mingw32-aarch64-elf/bin/../lib/gcc/aarch64-elf/8.2.1\libc.a(lib_a-strtok_r.o)
 .debug_info    0x000000000000827b      0xfba d:/program files (x86)/gcc-arm-8.2-2019.01-i686-mingw32-aarch64-elf/bin/../lib/gcc/aarch64-elf/8.2.1\libc.a(lib_a-wctob.o)
 .debug_info    0x0000000000009235     0x1314 d:/program files (x86)/gcc-arm-8.2-2019.01-i686-mingw32-aarch64-elf/bin/../lib/gcc/aarch64-elf/8.2.1\libc.a(lib_a-wctomb_r.o)
 .debug_info    0x000000000000a549      0xf05 d:/program files (x86)/gcc-arm-8.2-2019.01-i686-mingw32-aarch64-elf/bin/../lib/gcc/aarch64-elf/8.2.1\libc.a(lib_a-ctype_.o)
 .debug_info    0x000000000000b44e      0xdef d:/program files (x86)/gcc-arm-8.2-2019.01-i686-mingw32-aarch64-elf/bin/../lib/gcc/aarch64-elf/8.2.1\libc.a(lib_a-freer.o)
 .debug_info    0x000000000000c23d      0x93a d:/program files (x86)/gcc-arm-8.2-2019.01-i686-mingw32-aarch64-elf/bin/../lib/gcc/aarch64-elf/8.2.1\libc.a(lib_a-impure.o)
 .debug_info    0x000000000000cb77       0x2e d:/program files (x86)/gcc-arm-8.2-2019.01-i686-mingw32-aarch64-elf/bin/../lib/gcc/aarch64-elf/8.2.1\libc.a(lib_a-memset.o)

.debug_abbrev   0x0000000000000000     0x25d4
 .debug_abbrev  0x0000000000000000      0x414 d:/program files (x86)/gcc-arm-8.2-2019.01-i686-mingw32-aarch64-elf/bin/../lib/gcc/aarch64-elf/8.2.1\libc.a(lib_a-locale.o)
 .debug_abbrev  0x0000000000000414      0x23f d:/program files (x86)/gcc-arm-8.2-2019.01-i686-mingw32-aarch64-elf/bin/../lib/gcc/aarch64-elf/8.2.1\libc.a(lib_a-malloc.o)
 .debug_abbrev  0x0000000000000653      0x330 d:/program files (x86)/gcc-arm-8.2-2019.01-i686-mingw32-aarch64-elf/bin/../lib/gcc/aarch64-elf/8.2.1\libc.a(lib_a-mallocr.o)
 .debug_abbrev  0x0000000000000983      0x388 d:/program files (x86)/gcc-arm-8.2-2019.01-i686-mingw32-aarch64-elf/bin/../lib/gcc/aarch64-elf/8.2.1\libc.a(lib_a-mbtowc_r.o)
 .debug_abbrev  0x0000000000000d0b       0x14 d:/program files (x86)/gcc-arm-8.2-2019.01-i686-mingw32-aarch64-elf/bin/../lib/gcc/aarch64-elf/8.2.1\libc.a(lib_a-memcpy.o)
 .debug_abbrev  0x0000000000000d1f      0x20e d:/program files (x86)/gcc-arm-8.2-2019.01-i686-mingw32-aarch64-elf/bin/../lib/gcc/aarch64-elf/8.2.1\libc.a(lib_a-mlock.o)
 .debug_abbrev  0x0000000000000f2d      0x2c9 d:/program files (x86)/gcc-arm-8.2-2019.01-i686-mingw32-aarch64-elf/bin/../lib/gcc/aarch64-elf/8.2.1\libc.a(lib_a-reent.o)
 .debug_abbrev  0x00000000000011f6      0x25f d:/program files (x86)/gcc-arm-8.2-2019.01-i686-mingw32-aarch64-elf/bin/../lib/gcc/aarch64-elf/8.2.1\libc.a(lib_a-sbrkr.o)
 .debug_abbrev  0x0000000000001455       0x14 d:/program files (x86)/gcc-arm-8.2-2019.01-i686-mingw32-aarch64-elf/bin/../lib/gcc/aarch64-elf/8.2.1\libc.a(lib_a-strchr.o)
 .debug_abbrev  0x0000000000001469       0x14 d:/program files (x86)/gcc-arm-8.2-2019.01-i686-mingw32-aarch64-elf/bin/../lib/gcc/aarch64-elf/8.2.1\libc.a(lib_a-strcmp.o)
 .debug_abbrev  0x000000000000147d       0x14 d:/program files (x86)/gcc-arm-8.2-2019.01-i686-mingw32-aarch64-elf/bin/../lib/gcc/aarch64-elf/8.2.1\libc.a(lib_a-strcpy.o)
 .debug_abbrev  0x0000000000001491       0x14 d:/program files (x86)/gcc-arm-8.2-2019.01-i686-mingw32-aarch64-elf/bin/../lib/gcc/aarch64-elf/8.2.1\libc.a(lib_a-strlen.o)
 .debug_abbrev  0x00000000000014a5       0x14 d:/program files (x86)/gcc-arm-8.2-2019.01-i686-mingw32-aarch64-elf/bin/../lib/gcc/aarch64-elf/8.2.1\libc.a(lib_a-strnlen.o)
 .debug_abbrev  0x00000000000014b9      0x24d d:/program files (x86)/gcc-arm-8.2-2019.01-i686-mingw32-aarch64-elf/bin/../lib/gcc/aarch64-elf/8.2.1\libc.a(lib_a-strtok.o)
 .debug_abbrev  0x0000000000001706      0x289 d:/program files (x86)/gcc-arm-8.2-2019.01-i686-mingw32-aarch64-elf/bin/../lib/gcc/aarch64-elf/8.2.1\libc.a(lib_a-strtok_r.o)
 .debug_abbrev  0x000000000000198f      0x297 d:/program files (x86)/gcc-arm-8.2-2019.01-i686-mingw32-aarch64-elf/bin/../lib/gcc/aarch64-elf/8.2.1\libc.a(lib_a-wctob.o)
 .debug_abbrev  0x0000000000001c26      0x2ce d:/program files (x86)/gcc-arm-8.2-2019.01-i686-mingw32-aarch64-elf/bin/../lib/gcc/aarch64-elf/8.2.1\libc.a(lib_a-wctomb_r.o)
 .debug_abbrev  0x0000000000001ef4      0x22d d:/program files (x86)/gcc-arm-8.2-2019.01-i686-mingw32-aarch64-elf/bin/../lib/gcc/aarch64-elf/8.2.1\libc.a(lib_a-ctype_.o)
 .debug_abbrev  0x0000000000002121      0x2d8 d:/program files (x86)/gcc-arm-8.2-2019.01-i686-mingw32-aarch64-elf/bin/../lib/gcc/aarch64-elf/8.2.1\libc.a(lib_a-freer.o)
 .debug_abbrev  0x00000000000023f9      0x1c7 d:/program files (x86)/gcc-arm-8.2-2019.01-i686-mingw32-aarch64-elf/bin/../lib/gcc/aarch64-elf/8.2.1\libc.a(lib_a-impure.o)
 .debug_abbrev  0x00000000000025c0       0x14 d:/program files (x86)/gcc-arm-8.2-2019.01-i686-mingw32-aarch64-elf/bin/../lib/gcc/aarch64-elf/8.2.1\libc.a(lib_a-memset.o)

.debug_loc      0x0000000000000000     0x68c1
 .debug_loc     0x0000000000000000     0x1506 d:/program files (x86)/gcc-arm-8.2-2019.01-i686-mingw32-aarch64-elf/bin/../lib/gcc/aarch64-elf/8.2.1\libc.a(lib_a-locale.o)
 .debug_loc     0x0000000000001506       0xa4 d:/program files (x86)/gcc-arm-8.2-2019.01-i686-mingw32-aarch64-elf/bin/../lib/gcc/aarch64-elf/8.2.1\libc.a(lib_a-malloc.o)
 .debug_loc     0x00000000000015aa     0x181b d:/program files (x86)/gcc-arm-8.2-2019.01-i686-mingw32-aarch64-elf/bin/../lib/gcc/aarch64-elf/8.2.1\libc.a(lib_a-mallocr.o)
 .debug_loc     0x0000000000002dc5     0x166d d:/program files (x86)/gcc-arm-8.2-2019.01-i686-mingw32-aarch64-elf/bin/../lib/gcc/aarch64-elf/8.2.1\libc.a(lib_a-mbtowc_r.o)
 .debug_loc     0x0000000000004432      0x24a d:/program files (x86)/gcc-arm-8.2-2019.01-i686-mingw32-aarch64-elf/bin/../lib/gcc/aarch64-elf/8.2.1\libc.a(lib_a-reent.o)
 .debug_loc     0x000000000000467c       0xe1 d:/program files (x86)/gcc-arm-8.2-2019.01-i686-mingw32-aarch64-elf/bin/../lib/gcc/aarch64-elf/8.2.1\libc.a(lib_a-sbrkr.o)
 .debug_loc     0x000000000000475d       0x7a d:/program files (x86)/gcc-arm-8.2-2019.01-i686-mingw32-aarch64-elf/bin/../lib/gcc/aarch64-elf/8.2.1\libc.a(lib_a-strtok.o)
 .debug_loc     0x00000000000047d7      0x3b8 d:/program files (x86)/gcc-arm-8.2-2019.01-i686-mingw32-aarch64-elf/bin/../lib/gcc/aarch64-elf/8.2.1\libc.a(lib_a-strtok_r.o)
 .debug_loc     0x0000000000004b8f       0xce d:/program files (x86)/gcc-arm-8.2-2019.01-i686-mingw32-aarch64-elf/bin/../lib/gcc/aarch64-elf/8.2.1\libc.a(lib_a-wctob.o)
 .debug_loc     0x0000000000004c5d     0x1157 d:/program files (x86)/gcc-arm-8.2-2019.01-i686-mingw32-aarch64-elf/bin/../lib/gcc/aarch64-elf/8.2.1\libc.a(lib_a-wctomb_r.o)
 .debug_loc     0x0000000000005db4       0x81 d:/program files (x86)/gcc-arm-8.2-2019.01-i686-mingw32-aarch64-elf/bin/../lib/gcc/aarch64-elf/8.2.1\libc.a(lib_a-ctype_.o)
 .debug_loc     0x0000000000005e35      0xa8c d:/program files (x86)/gcc-arm-8.2-2019.01-i686-mingw32-aarch64-elf/bin/../lib/gcc/aarch64-elf/8.2.1\libc.a(lib_a-freer.o)

.debug_aranges  0x0000000000000000      0x530
 .debug_aranges
                0x0000000000000000       0xa0 d:/program files (x86)/gcc-arm-8.2-2019.01-i686-mingw32-aarch64-elf/bin/../lib/gcc/aarch64-elf/8.2.1\libc.a(lib_a-locale.o)
 .debug_aranges
                0x00000000000000a0       0x40 d:/program files (x86)/gcc-arm-8.2-2019.01-i686-mingw32-aarch64-elf/bin/../lib/gcc/aarch64-elf/8.2.1\libc.a(lib_a-malloc.o)
 .debug_aranges
                0x00000000000000e0       0x30 d:/program files (x86)/gcc-arm-8.2-2019.01-i686-mingw32-aarch64-elf/bin/../lib/gcc/aarch64-elf/8.2.1\libc.a(lib_a-mallocr.o)
 .debug_aranges
                0x0000000000000110       0x80 d:/program files (x86)/gcc-arm-8.2-2019.01-i686-mingw32-aarch64-elf/bin/../lib/gcc/aarch64-elf/8.2.1\libc.a(lib_a-mbtowc_r.o)
 .debug_aranges
                0x0000000000000190       0x30 d:/program files (x86)/gcc-arm-8.2-2019.01-i686-mingw32-aarch64-elf/bin/../lib/gcc/aarch64-elf/8.2.1\libc.a(lib_a-memcpy.o)
 .debug_aranges
                0x00000000000001c0       0x30 d:/program files (x86)/gcc-arm-8.2-2019.01-i686-mingw32-aarch64-elf/bin/../lib/gcc/aarch64-elf/8.2.1\libc.a(lib_a-mlock.o)
 .debug_aranges
                0x00000000000001f0       0x40 d:/program files (x86)/gcc-arm-8.2-2019.01-i686-mingw32-aarch64-elf/bin/../lib/gcc/aarch64-elf/8.2.1\libc.a(lib_a-reent.o)
 .debug_aranges
                0x0000000000000230       0x30 d:/program files (x86)/gcc-arm-8.2-2019.01-i686-mingw32-aarch64-elf/bin/../lib/gcc/aarch64-elf/8.2.1\libc.a(lib_a-sbrkr.o)
 .debug_aranges
                0x0000000000000260       0x30 d:/program files (x86)/gcc-arm-8.2-2019.01-i686-mingw32-aarch64-elf/bin/../lib/gcc/aarch64-elf/8.2.1\libc.a(lib_a-strchr.o)
 .debug_aranges
                0x0000000000000290       0x30 d:/program files (x86)/gcc-arm-8.2-2019.01-i686-mingw32-aarch64-elf/bin/../lib/gcc/aarch64-elf/8.2.1\libc.a(lib_a-strcmp.o)
 .debug_aranges
                0x00000000000002c0       0x30 d:/program files (x86)/gcc-arm-8.2-2019.01-i686-mingw32-aarch64-elf/bin/../lib/gcc/aarch64-elf/8.2.1\libc.a(lib_a-strcpy.o)
 .debug_aranges
                0x00000000000002f0       0x30 d:/program files (x86)/gcc-arm-8.2-2019.01-i686-mingw32-aarch64-elf/bin/../lib/gcc/aarch64-elf/8.2.1\libc.a(lib_a-strlen.o)
 .debug_aranges
                0x0000000000000320       0x30 d:/program files (x86)/gcc-arm-8.2-2019.01-i686-mingw32-aarch64-elf/bin/../lib/gcc/aarch64-elf/8.2.1\libc.a(lib_a-strnlen.o)
 .debug_aranges
                0x0000000000000350       0x30 d:/program files (x86)/gcc-arm-8.2-2019.01-i686-mingw32-aarch64-elf/bin/../lib/gcc/aarch64-elf/8.2.1\libc.a(lib_a-strtok.o)
 .debug_aranges
                0x0000000000000380       0x40 d:/program files (x86)/gcc-arm-8.2-2019.01-i686-mingw32-aarch64-elf/bin/../lib/gcc/aarch64-elf/8.2.1\libc.a(lib_a-strtok_r.o)
 .debug_aranges
                0x00000000000003c0       0x30 d:/program files (x86)/gcc-arm-8.2-2019.01-i686-mingw32-aarch64-elf/bin/../lib/gcc/aarch64-elf/8.2.1\libc.a(lib_a-wctob.o)
 .debug_aranges
                0x00000000000003f0       0x80 d:/program files (x86)/gcc-arm-8.2-2019.01-i686-mingw32-aarch64-elf/bin/../lib/gcc/aarch64-elf/8.2.1\libc.a(lib_a-wctomb_r.o)
 .debug_aranges
                0x0000000000000470       0x30 d:/program files (x86)/gcc-arm-8.2-2019.01-i686-mingw32-aarch64-elf/bin/../lib/gcc/aarch64-elf/8.2.1\libc.a(lib_a-ctype_.o)
 .debug_aranges
                0x00000000000004a0       0x40 d:/program files (x86)/gcc-arm-8.2-2019.01-i686-mingw32-aarch64-elf/bin/../lib/gcc/aarch64-elf/8.2.1\libc.a(lib_a-freer.o)
 .debug_aranges
                0x00000000000004e0       0x20 d:/program files (x86)/gcc-arm-8.2-2019.01-i686-mingw32-aarch64-elf/bin/../lib/gcc/aarch64-elf/8.2.1\libc.a(lib_a-impure.o)
 .debug_aranges
                0x0000000000000500       0x30 d:/program files (x86)/gcc-arm-8.2-2019.01-i686-mingw32-aarch64-elf/bin/../lib/gcc/aarch64-elf/8.2.1\libc.a(lib_a-memset.o)

.debug_ranges   0x0000000000000000      0x550
 .debug_ranges  0x0000000000000000      0x1c0 d:/program files (x86)/gcc-arm-8.2-2019.01-i686-mingw32-aarch64-elf/bin/../lib/gcc/aarch64-elf/8.2.1\libc.a(lib_a-locale.o)
 .debug_ranges  0x00000000000001c0       0x30 d:/program files (x86)/gcc-arm-8.2-2019.01-i686-mingw32-aarch64-elf/bin/../lib/gcc/aarch64-elf/8.2.1\libc.a(lib_a-malloc.o)
 .debug_ranges  0x00000000000001f0       0x80 d:/program files (x86)/gcc-arm-8.2-2019.01-i686-mingw32-aarch64-elf/bin/../lib/gcc/aarch64-elf/8.2.1\libc.a(lib_a-mallocr.o)
 .debug_ranges  0x0000000000000270      0x100 d:/program files (x86)/gcc-arm-8.2-2019.01-i686-mingw32-aarch64-elf/bin/../lib/gcc/aarch64-elf/8.2.1\libc.a(lib_a-mbtowc_r.o)
 .debug_ranges  0x0000000000000370       0x20 d:/program files (x86)/gcc-arm-8.2-2019.01-i686-mingw32-aarch64-elf/bin/../lib/gcc/aarch64-elf/8.2.1\libc.a(lib_a-mlock.o)
 .debug_ranges  0x0000000000000390       0x30 d:/program files (x86)/gcc-arm-8.2-2019.01-i686-mingw32-aarch64-elf/bin/../lib/gcc/aarch64-elf/8.2.1\libc.a(lib_a-reent.o)
 .debug_ranges  0x00000000000003c0       0x20 d:/program files (x86)/gcc-arm-8.2-2019.01-i686-mingw32-aarch64-elf/bin/../lib/gcc/aarch64-elf/8.2.1\libc.a(lib_a-sbrkr.o)
 .debug_ranges  0x00000000000003e0       0x20 d:/program files (x86)/gcc-arm-8.2-2019.01-i686-mingw32-aarch64-elf/bin/../lib/gcc/aarch64-elf/8.2.1\libc.a(lib_a-strtok.o)
 .debug_ranges  0x0000000000000400       0x30 d:/program files (x86)/gcc-arm-8.2-2019.01-i686-mingw32-aarch64-elf/bin/../lib/gcc/aarch64-elf/8.2.1\libc.a(lib_a-strtok_r.o)
 .debug_ranges  0x0000000000000430       0x60 d:/program files (x86)/gcc-arm-8.2-2019.01-i686-mingw32-aarch64-elf/bin/../lib/gcc/aarch64-elf/8.2.1\libc.a(lib_a-wctob.o)
 .debug_ranges  0x0000000000000490       0x70 d:/program files (x86)/gcc-arm-8.2-2019.01-i686-mingw32-aarch64-elf/bin/../lib/gcc/aarch64-elf/8.2.1\libc.a(lib_a-wctomb_r.o)
 .debug_ranges  0x0000000000000500       0x20 d:/program files (x86)/gcc-arm-8.2-2019.01-i686-mingw32-aarch64-elf/bin/../lib/gcc/aarch64-elf/8.2.1\libc.a(lib_a-ctype_.o)
 .debug_ranges  0x0000000000000520       0x30 d:/program files (x86)/gcc-arm-8.2-2019.01-i686-mingw32-aarch64-elf/bin/../lib/gcc/aarch64-elf/8.2.1\libc.a(lib_a-freer.o)

.debug_line     0x0000000000000000     0x5144
 .debug_line    0x0000000000000000      0xc84 d:/program files (x86)/gcc-arm-8.2-2019.01-i686-mingw32-aarch64-elf/bin/../lib/gcc/aarch64-elf/8.2.1\libc.a(lib_a-locale.o)
 .debug_line    0x0000000000000c84      0x2b8 d:/program files (x86)/gcc-arm-8.2-2019.01-i686-mingw32-aarch64-elf/bin/../lib/gcc/aarch64-elf/8.2.1\libc.a(lib_a-malloc.o)
 .debug_line    0x0000000000000f3c      0x99a d:/program files (x86)/gcc-arm-8.2-2019.01-i686-mingw32-aarch64-elf/bin/../lib/gcc/aarch64-elf/8.2.1\libc.a(lib_a-mallocr.o)
 .debug_line    0x00000000000018d6      0xb67 d:/program files (x86)/gcc-arm-8.2-2019.01-i686-mingw32-aarch64-elf/bin/../lib/gcc/aarch64-elf/8.2.1\libc.a(lib_a-mbtowc_r.o)
 .debug_line    0x000000000000243d      0x11f d:/program files (x86)/gcc-arm-8.2-2019.01-i686-mingw32-aarch64-elf/bin/../lib/gcc/aarch64-elf/8.2.1\libc.a(lib_a-memcpy.o)
 .debug_line    0x000000000000255c      0x1ff d:/program files (x86)/gcc-arm-8.2-2019.01-i686-mingw32-aarch64-elf/bin/../lib/gcc/aarch64-elf/8.2.1\libc.a(lib_a-mlock.o)
 .debug_line    0x000000000000275b      0x37b d:/program files (x86)/gcc-arm-8.2-2019.01-i686-mingw32-aarch64-elf/bin/../lib/gcc/aarch64-elf/8.2.1\libc.a(lib_a-reent.o)
 .debug_line    0x0000000000002ad6      0x2d0 d:/program files (x86)/gcc-arm-8.2-2019.01-i686-mingw32-aarch64-elf/bin/../lib/gcc/aarch64-elf/8.2.1\libc.a(lib_a-sbrkr.o)
 .debug_line    0x0000000000002da6       0xfc d:/program files (x86)/gcc-arm-8.2-2019.01-i686-mingw32-aarch64-elf/bin/../lib/gcc/aarch64-elf/8.2.1\libc.a(lib_a-strchr.o)
 .debug_line    0x0000000000002ea2       0xf0 d:/program files (x86)/gcc-arm-8.2-2019.01-i686-mingw32-aarch64-elf/bin/../lib/gcc/aarch64-elf/8.2.1\libc.a(lib_a-strcmp.o)
 .debug_line    0x0000000000002f92      0x12e d:/program files (x86)/gcc-arm-8.2-2019.01-i686-mingw32-aarch64-elf/bin/../lib/gcc/aarch64-elf/8.2.1\libc.a(lib_a-strcpy.o)
 .debug_line    0x00000000000030c0      0x119 d:/program files (x86)/gcc-arm-8.2-2019.01-i686-mingw32-aarch64-elf/bin/../lib/gcc/aarch64-elf/8.2.1\libc.a(lib_a-strlen.o)
 .debug_line    0x00000000000031d9       0xfe d:/program files (x86)/gcc-arm-8.2-2019.01-i686-mingw32-aarch64-elf/bin/../lib/gcc/aarch64-elf/8.2.1\libc.a(lib_a-strnlen.o)
 .debug_line    0x00000000000032d7      0x2a4 d:/program files (x86)/gcc-arm-8.2-2019.01-i686-mingw32-aarch64-elf/bin/../lib/gcc/aarch64-elf/8.2.1\libc.a(lib_a-strtok.o)
 .debug_line    0x000000000000357b      0x398 d:/program files (x86)/gcc-arm-8.2-2019.01-i686-mingw32-aarch64-elf/bin/../lib/gcc/aarch64-elf/8.2.1\libc.a(lib_a-strtok_r.o)
 .debug_line    0x0000000000003913      0x3ce d:/program files (x86)/gcc-arm-8.2-2019.01-i686-mingw32-aarch64-elf/bin/../lib/gcc/aarch64-elf/8.2.1\libc.a(lib_a-wctob.o)
 .debug_line    0x0000000000003ce1      0x781 d:/program files (x86)/gcc-arm-8.2-2019.01-i686-mingw32-aarch64-elf/bin/../lib/gcc/aarch64-elf/8.2.1\libc.a(lib_a-wctomb_r.o)
 .debug_line    0x0000000000004462      0x35a d:/program files (x86)/gcc-arm-8.2-2019.01-i686-mingw32-aarch64-elf/bin/../lib/gcc/aarch64-elf/8.2.1\libc.a(lib_a-ctype_.o)
 .debug_line    0x00000000000047bc      0x66c d:/program files (x86)/gcc-arm-8.2-2019.01-i686-mingw32-aarch64-elf/bin/../lib/gcc/aarch64-elf/8.2.1\libc.a(lib_a-freer.o)
 .debug_line    0x0000000000004e28      0x1e3 d:/program files (x86)/gcc-arm-8.2-2019.01-i686-mingw32-aarch64-elf/bin/../lib/gcc/aarch64-elf/8.2.1\libc.a(lib_a-impure.o)
 .debug_line    0x000000000000500b      0x139 d:/program files (x86)/gcc-arm-8.2-2019.01-i686-mingw32-aarch64-elf/bin/../lib/gcc/aarch64-elf/8.2.1\libc.a(lib_a-memset.o)

.debug_str      0x0000000000000000     0x1c44
 .debug_str     0x0000000000000000      0x9f6 d:/program files (x86)/gcc-arm-8.2-2019.01-i686-mingw32-aarch64-elf/bin/../lib/gcc/aarch64-elf/8.2.1\libc.a(lib_a-locale.o)
                                        0xb50 (size before relaxing)
 .debug_str     0x00000000000009f6      0x14a d:/program files (x86)/gcc-arm-8.2-2019.01-i686-mingw32-aarch64-elf/bin/../lib/gcc/aarch64-elf/8.2.1\libc.a(lib_a-malloc.o)
                                        0x640 (size before relaxing)
 .debug_str     0x0000000000000b40      0x298 d:/program files (x86)/gcc-arm-8.2-2019.01-i686-mingw32-aarch64-elf/bin/../lib/gcc/aarch64-elf/8.2.1\libc.a(lib_a-mallocr.o)
                                        0x877 (size before relaxing)
 .debug_str     0x0000000000000dd8      0x1d2 d:/program files (x86)/gcc-arm-8.2-2019.01-i686-mingw32-aarch64-elf/bin/../lib/gcc/aarch64-elf/8.2.1\libc.a(lib_a-mbtowc_r.o)
                                        0xada (size before relaxing)
 .debug_str     0x0000000000000faa      0x147 d:/program files (x86)/gcc-arm-8.2-2019.01-i686-mingw32-aarch64-elf/bin/../lib/gcc/aarch64-elf/8.2.1\libc.a(lib_a-memcpy.o)
 .debug_str     0x00000000000010f1       0xa1 d:/program files (x86)/gcc-arm-8.2-2019.01-i686-mingw32-aarch64-elf/bin/../lib/gcc/aarch64-elf/8.2.1\libc.a(lib_a-mlock.o)
                                        0x63b (size before relaxing)
 .debug_str     0x0000000000001192      0x150 d:/program files (x86)/gcc-arm-8.2-2019.01-i686-mingw32-aarch64-elf/bin/../lib/gcc/aarch64-elf/8.2.1\libc.a(lib_a-reent.o)
                                        0x64b (size before relaxing)
 .debug_str     0x00000000000012e2       0x9c d:/program files (x86)/gcc-arm-8.2-2019.01-i686-mingw32-aarch64-elf/bin/../lib/gcc/aarch64-elf/8.2.1\libc.a(lib_a-sbrkr.o)
                                        0x652 (size before relaxing)
 .debug_str     0x000000000000137e       0x92 d:/program files (x86)/gcc-arm-8.2-2019.01-i686-mingw32-aarch64-elf/bin/../lib/gcc/aarch64-elf/8.2.1\libc.a(lib_a-strchr.o)
                                        0x147 (size before relaxing)
 .debug_str     0x0000000000001410       0x92 d:/program files (x86)/gcc-arm-8.2-2019.01-i686-mingw32-aarch64-elf/bin/../lib/gcc/aarch64-elf/8.2.1\libc.a(lib_a-strcmp.o)
                                        0x147 (size before relaxing)
 .debug_str     0x00000000000014a2       0x92 d:/program files (x86)/gcc-arm-8.2-2019.01-i686-mingw32-aarch64-elf/bin/../lib/gcc/aarch64-elf/8.2.1\libc.a(lib_a-strcpy.o)
                                        0x147 (size before relaxing)
 .debug_str     0x0000000000001534       0x92 d:/program files (x86)/gcc-arm-8.2-2019.01-i686-mingw32-aarch64-elf/bin/../lib/gcc/aarch64-elf/8.2.1\libc.a(lib_a-strlen.o)
                                        0x147 (size before relaxing)
 .debug_str     0x00000000000015c6       0x93 d:/program files (x86)/gcc-arm-8.2-2019.01-i686-mingw32-aarch64-elf/bin/../lib/gcc/aarch64-elf/8.2.1\libc.a(lib_a-strnlen.o)
                                        0x148 (size before relaxing)
 .debug_str     0x0000000000001659      0x139 d:/program files (x86)/gcc-arm-8.2-2019.01-i686-mingw32-aarch64-elf/bin/../lib/gcc/aarch64-elf/8.2.1\libc.a(lib_a-strtok.o)
                                        0x62d (size before relaxing)
 .debug_str     0x0000000000001792       0xaf d:/program files (x86)/gcc-arm-8.2-2019.01-i686-mingw32-aarch64-elf/bin/../lib/gcc/aarch64-elf/8.2.1\libc.a(lib_a-strtok_r.o)
                                        0x645 (size before relaxing)
 .debug_str     0x0000000000001841       0x95 d:/program files (x86)/gcc-arm-8.2-2019.01-i686-mingw32-aarch64-elf/bin/../lib/gcc/aarch64-elf/8.2.1\libc.a(lib_a-wctob.o)
                                        0x986 (size before relaxing)
 .debug_str     0x00000000000018d6       0xef d:/program files (x86)/gcc-arm-8.2-2019.01-i686-mingw32-aarch64-elf/bin/../lib/gcc/aarch64-elf/8.2.1\libc.a(lib_a-wctomb_r.o)
                                        0x9fd (size before relaxing)
 .debug_str     0x00000000000019c5      0x125 d:/program files (x86)/gcc-arm-8.2-2019.01-i686-mingw32-aarch64-elf/bin/../lib/gcc/aarch64-elf/8.2.1\libc.a(lib_a-ctype_.o)
                                        0x93b (size before relaxing)
 .debug_str     0x0000000000001aea       0x34 d:/program files (x86)/gcc-arm-8.2-2019.01-i686-mingw32-aarch64-elf/bin/../lib/gcc/aarch64-elf/8.2.1\libc.a(lib_a-freer.o)
                                        0x7f0 (size before relaxing)
 .debug_str     0x0000000000001b1e       0x94 d:/program files (x86)/gcc-arm-8.2-2019.01-i686-mingw32-aarch64-elf/bin/../lib/gcc/aarch64-elf/8.2.1\libc.a(lib_a-impure.o)
                                        0x60f (size before relaxing)
 .debug_str     0x0000000000001bb2       0x92 d:/program files (x86)/gcc-arm-8.2-2019.01-i686-mingw32-aarch64-elf/bin/../lib/gcc/aarch64-elf/8.2.1\libc.a(lib_a-memset.o)
                                        0x147 (size before relaxing)
